// Jest Snapshot v1, https://goo.gl/fbAQLP

exports[`renders Navbar component 1`] = `
Object {
  "asFragment": [Function],
  "baseElement": <body>
    <div>
      <nav
        class="navbar navbar-expand-lg navbar-light bg-light mb-4"
      >
        <div
          class="container"
        >
          <a
            class="navbar-brand fs-3 ubuntu"
            href="/"
          >
            Rick & Morty
          </a>
          <style>
            
          button[aria-expanded="false"] &gt; .close {
            display: none;
          }
          button[aria-expanded="true"] &gt; .open {
            display: none;
          }
        
          </style>
          <button
            aria-controls="navbarNavAltMarkup"
            aria-expanded="false"
            aria-label="Toggle navigation"
            class="navbar-toggler border-0"
            data-bs-target="#navbarNavAltMarkup"
            data-bs-toggle="collapse"
            type="button"
          >
            <span
              class="fas fa-bars open text-dark"
            />
            <span
              class="fas fa-times close text-dark"
            />
          </button>
          <div
            class="collapse navbar-collapse justify-content-end"
            id="navbarNavAltMarkup"
          >
            <div
              class="navbar-nav fs-5"
            >
              <a
                aria-current="page"
                class="nav-link active"
                href="/"
              >
                Characters
              </a>
            </div>
          </div>
        </div>
      </nav>
    </div>
  </body>,
  "container": <div>
    <nav
      class="navbar navbar-expand-lg navbar-light bg-light mb-4"
    >
      <div
        class="container"
      >
        <a
          class="navbar-brand fs-3 ubuntu"
          href="/"
        >
          Rick & Morty
        </a>
        <style>
          
          button[aria-expanded="false"] &gt; .close {
            display: none;
          }
          button[aria-expanded="true"] &gt; .open {
            display: none;
          }
        
        </style>
        <button
          aria-controls="navbarNavAltMarkup"
          aria-expanded="false"
          aria-label="Toggle navigation"
          class="navbar-toggler border-0"
          data-bs-target="#navbarNavAltMarkup"
          data-bs-toggle="collapse"
          type="button"
        >
          <span
            class="fas fa-bars open text-dark"
          />
          <span
            class="fas fa-times close text-dark"
          />
        </button>
        <div
          class="collapse navbar-collapse justify-content-end"
          id="navbarNavAltMarkup"
        >
          <div
            class="navbar-nav fs-5"
          >
            <a
              aria-current="page"
              class="nav-link active"
              href="/"
            >
              Characters
            </a>
          </div>
        </div>
      </div>
    </nav>
  </div>,
  "debug": [Function],
  "findAllByAltText": [Function],
  "findAllByDisplayValue": [Function],
  "findAllByLabelText": [Function],
  "findAllByPlaceholderText": [Function],
  "findAllByRole": [Function],
  "findAllByTestId": [Function],
  "findAllByText": [Function],
  "findAllByTitle": [Function],
  "findByAltText": [Function],
  "findByDisplayValue": [Function],
  "findByLabelText": [Function],
  "findByPlaceholderText": [Function],
  "findByRole": [Function],
  "findByTestId": [Function],
  "findByText": [Function],
  "findByTitle": [Function],
  "getAllByAltText": [Function],
  "getAllByDisplayValue": [Function],
  "getAllByLabelText": [Function],
  "getAllByPlaceholderText": [Function],
  "getAllByRole": [Function],
  "getAllByTestId": [Function],
  "getAllByText": [Function],
  "getAllByTitle": [Function],
  "getByAltText": [Function],
  "getByDisplayValue": [Function],
  "getByLabelText": [Function],
  "getByPlaceholderText": [Function],
  "getByRole": [Function],
  "getByTestId": [Function],
  "getByText": [Function],
  "getByTitle": [Function],
  "queryAllByAltText": [Function],
  "queryAllByDisplayValue": [Function],
  "queryAllByLabelText": [Function],
  "queryAllByPlaceholderText": [Function],
  "queryAllByRole": [Function],
  "queryAllByTestId": [Function],
  "queryAllByText": [Function],
  "queryAllByTitle": [Function],
  "queryByAltText": [Function],
  "queryByDisplayValue": [Function],
  "queryByLabelText": [Function],
  "queryByPlaceholderText": [Function],
  "queryByRole": [Function],
  "queryByTestId": [Function],
  "queryByText": [Function],
  "queryByTitle": [Function],
  "rerender": [Function],
  "unmount": [Function],
}
`;
